Component: ARM Compiler 5.06 update 7 (build 960) Tool: armlink [4d3601]

==============================================================================

Section Cross References

    boardsupport.o(.text) refers to gpiocontrol.o(.text) for gpio_configureGPIO
    main.o(.text) refers to main.o(.data) for currentPassLight
    main.o(.text) refers to boardsupport.o(.text) for boardSupport_init
    main.o(.text) refers to f2d.o(.text) for __aeabi_f2d
    main.o(.text) refers to dadd.o(.text) for __aeabi_dadd
    main.o(.text) refers to d2f.o(.text) for __aeabi_d2f
    startup_stm32f439xx.o(RESET) refers to startup_stm32f439xx.o(STACK) for __initial_sp
    startup_stm32f439xx.o(RESET) refers to startup_stm32f439xx.o(.text) for Reset_Handler
    startup_stm32f439xx.o(RESET) refers to stm32f4xx_it.o(.text) for NMI_Handler
    startup_stm32f439xx.o(.text) refers to system_stm32f4xx.o(.text) for SystemInit
    startup_stm32f439xx.o(.text) refers to entry.o(.ARM.Collect$$$$00000000) for __main
    system_stm32f4xx.o(.text) refers to system_stm32f4xx.o(.data) for SystemCoreClock
    system_stm32f4xx.o(.text) refers to system_stm32f4xx.o(.constdata) for AHBPrescTable
    entry.o(.ARM.Collect$$$$00000000) refers (Special) to entry10a.o(.ARM.Collect$$$$0000000F) for __rt_final_cpp
    entry.o(.ARM.Collect$$$$00000000) refers (Special) to entry11a.o(.ARM.Collect$$$$00000011) for __rt_final_exit
    entry.o(.ARM.Collect$$$$00000000) refers (Special) to entry12b.o(.ARM.Collect$$$$0000000E) for __rt_lib_shutdown_fini
    entry.o(.ARM.Collect$$$$00000000) refers (Special) to entry7b.o(.ARM.Collect$$$$00000008) for _main_clock
    entry.o(.ARM.Collect$$$$00000000) refers (Special) to entry8b.o(.ARM.Collect$$$$0000000A) for _main_cpp_init
    entry.o(.ARM.Collect$$$$00000000) refers (Special) to entry9a.o(.ARM.Collect$$$$0000000B) for _main_init
    entry.o(.ARM.Collect$$$$00000000) refers (Special) to entry5.o(.ARM.Collect$$$$00000004) for _main_scatterload
    entry.o(.ARM.Collect$$$$00000000) refers (Special) to entry2.o(.ARM.Collect$$$$00000001) for _main_stk
    dadd.o(.text) refers (Special) to iusefp.o(.text) for __I$use$fp
    dadd.o(.text) refers to llshl.o(.text) for __aeabi_llsl
    dadd.o(.text) refers to llsshr.o(.text) for __aeabi_lasr
    dadd.o(.text) refers to depilogue.o(.text) for _double_epilogue
    f2d.o(.text) refers (Special) to iusefp.o(.text) for __I$use$fp
    d2f.o(.text) refers (Special) to iusefp.o(.text) for __I$use$fp
    d2f.o(.text) refers to fepilogue.o(.text) for _float_round
    entry2.o(.ARM.Collect$$$$00000001) refers to entry2.o(.ARM.Collect$$$$00002712) for __lit__00000000
    entry2.o(.ARM.Collect$$$$00002712) refers to startup_stm32f439xx.o(STACK) for __initial_sp
    entry2.o(__vectab_stack_and_reset_area) refers to startup_stm32f439xx.o(STACK) for __initial_sp
    entry2.o(__vectab_stack_and_reset_area) refers to entry.o(.ARM.Collect$$$$00000000) for __main
    entry5.o(.ARM.Collect$$$$00000004) refers to init.o(.text) for __scatterload
    entry9a.o(.ARM.Collect$$$$0000000B) refers to main.o(.text) for main
    entry9b.o(.ARM.Collect$$$$0000000C) refers to main.o(.text) for main
    depilogue.o(.text) refers to llshl.o(.text) for __aeabi_llsl
    depilogue.o(.text) refers to llushr.o(.text) for __aeabi_llsr
    init.o(.text) refers to entry5.o(.ARM.Collect$$$$00000004) for __main_after_scatterload


==============================================================================

Removing Unused input sections from the image.

    Removing boardsupport.o(.rev16_text), (4 bytes).
    Removing boardsupport.o(.revsh_text), (4 bytes).
    Removing boardsupport.o(.rrx_text), (6 bytes).
    Removing main.o(.rev16_text), (4 bytes).
    Removing main.o(.revsh_text), (4 bytes).
    Removing main.o(.rrx_text), (6 bytes).
    Removing gpiocontrol.o(.rev16_text), (4 bytes).
    Removing gpiocontrol.o(.revsh_text), (4 bytes).
    Removing gpiocontrol.o(.rrx_text), (6 bytes).
    Removing startup_stm32f439xx.o(HEAP), (5376 bytes).
    Removing system_stm32f4xx.o(.rev16_text), (4 bytes).
    Removing system_stm32f4xx.o(.revsh_text), (4 bytes).
    Removing system_stm32f4xx.o(.rrx_text), (6 bytes).

13 unused section(s) (total 5432 bytes) removed from the image.

==============================================================================

Image Symbol Table

    Local Symbols

    Symbol Name                              Value     Ov Type        Size  Object(Section)

    ../clib/microlib/init/entry.s            0x00000000   Number         0  entry12b.o ABSOLUTE
    ../clib/microlib/init/entry.s            0x00000000   Number         0  entry7b.o ABSOLUTE
    ../clib/microlib/init/entry.s            0x00000000   Number         0  entry5.o ABSOLUTE
    ../clib/microlib/init/entry.s            0x00000000   Number         0  entry12a.o ABSOLUTE
    ../clib/microlib/init/entry.s            0x00000000   Number         0  entry.o ABSOLUTE
    ../clib/microlib/init/entry.s            0x00000000   Number         0  entry8a.o ABSOLUTE
    ../clib/microlib/init/entry.s            0x00000000   Number         0  entry11b.o ABSOLUTE
    ../clib/microlib/init/entry.s            0x00000000   Number         0  entry11a.o ABSOLUTE
    ../clib/microlib/init/entry.s            0x00000000   Number         0  entry8b.o ABSOLUTE
    ../clib/microlib/init/entry.s            0x00000000   Number         0  entry10b.o ABSOLUTE
    ../clib/microlib/init/entry.s            0x00000000   Number         0  entry10a.o ABSOLUTE
    ../clib/microlib/init/entry.s            0x00000000   Number         0  entry9b.o ABSOLUTE
    ../clib/microlib/init/entry.s            0x00000000   Number         0  entry9a.o ABSOLUTE
    ../clib/microlib/init/entry.s            0x00000000   Number         0  entry2.o ABSOLUTE
    ../clib/microlib/init/entry.s            0x00000000   Number         0  entry7a.o ABSOLUTE
    ../clib/microlib/longlong.c              0x00000000   Number         0  llshl.o ABSOLUTE
    ../clib/microlib/longlong.c              0x00000000   Number         0  llsshr.o ABSOLUTE
    ../clib/microlib/longlong.c              0x00000000   Number         0  llushr.o ABSOLUTE
    ../clib/microlib/stubs.s                 0x00000000   Number         0  iusefp.o ABSOLUTE
    ../fplib/microlib/d2f.c                  0x00000000   Number         0  d2f.o ABSOLUTE
    ../fplib/microlib/f2d.c                  0x00000000   Number         0  f2d.o ABSOLUTE
    ../fplib/microlib/fpadd.c                0x00000000   Number         0  dadd.o ABSOLUTE
    ../fplib/microlib/fpepilogue.c           0x00000000   Number         0  depilogue.o ABSOLUTE
    ../fplib/microlib/fpepilogue.c           0x00000000   Number         0  fepilogue.o ABSOLUTE
    RTE\Device\STM32F439IITx\startup_stm32f439xx.s 0x00000000   Number         0  startup_stm32f439xx.o ABSOLUTE
    RTE\Device\STM32F439IITx\system_stm32f4xx.c 0x00000000   Number         0  system_stm32f4xx.o ABSOLUTE
    RTE\\Device\\STM32F439IITx\\system_stm32f4xx.c 0x00000000   Number         0  system_stm32f4xx.o ABSOLUTE
    dc.s                                     0x00000000   Number         0  dc.o ABSOLUTE
    handlers.s                               0x00000000   Number         0  handlers.o ABSOLUTE
    init.s                                   0x00000000   Number         0  init.o ABSOLUTE
    src\\boardSupport.c                      0x00000000   Number         0  boardsupport.o ABSOLUTE
    src\\gpioControl.c                       0x00000000   Number         0  gpiocontrol.o ABSOLUTE
    src\\main.c                              0x00000000   Number         0  main.o ABSOLUTE
    src\boardSupport.c                       0x00000000   Number         0  boardsupport.o ABSOLUTE
    src\gpioControl.c                        0x00000000   Number         0  gpiocontrol.o ABSOLUTE
    src\main.c                               0x00000000   Number         0  main.o ABSOLUTE
    src\stm32f4xx_it.c                       0x00000000   Number         0  stm32f4xx_it.o ABSOLUTE
    RESET                                    0x20000000   Section      428  startup_stm32f439xx.o(RESET)
    .ARM.Collect$$$$00000000                 0x200001ac   Section        0  entry.o(.ARM.Collect$$$$00000000)
    .ARM.Collect$$$$00000001                 0x200001ac   Section        4  entry2.o(.ARM.Collect$$$$00000001)
    .ARM.Collect$$$$00000004                 0x200001b0   Section        4  entry5.o(.ARM.Collect$$$$00000004)
    .ARM.Collect$$$$00000008                 0x200001b4   Section        0  entry7b.o(.ARM.Collect$$$$00000008)
    .ARM.Collect$$$$0000000A                 0x200001b4   Section        0  entry8b.o(.ARM.Collect$$$$0000000A)
    .ARM.Collect$$$$0000000B                 0x200001b4   Section        8  entry9a.o(.ARM.Collect$$$$0000000B)
    .ARM.Collect$$$$0000000E                 0x200001bc   Section        4  entry12b.o(.ARM.Collect$$$$0000000E)
    .ARM.Collect$$$$0000000F                 0x200001c0   Section        0  entry10a.o(.ARM.Collect$$$$0000000F)
    .ARM.Collect$$$$00000011                 0x200001c0   Section        0  entry11a.o(.ARM.Collect$$$$00000011)
    .ARM.Collect$$$$00002712                 0x200001c0   Section        4  entry2.o(.ARM.Collect$$$$00002712)
    __lit__00000000                          0x200001c0   Data           4  entry2.o(.ARM.Collect$$$$00002712)
    .text                                    0x200001c4   Section        0  stm32f4xx_it.o(.text)
    .text                                    0x200001d8   Section        0  boardsupport.o(.text)
    boardSupport_initGPIO                    0x200001d9   Thumb Code    68  boardsupport.o(.text)
    .text                                    0x20000254   Section        0  main.o(.text)
    .text                                    0x20000a98   Section        0  gpiocontrol.o(.text)
    .text                                    0x20000b54   Section       36  startup_stm32f439xx.o(.text)
    $v0                                      0x20000b54   Number         0  startup_stm32f439xx.o(.text)
    .text                                    0x20000b78   Section        0  system_stm32f4xx.o(.text)
    SetSysClock                              0x20000e1b   Thumb Code   244  system_stm32f4xx.o(.text)
    .text                                    0x20000ff4   Section        0  dadd.o(.text)
    .text                                    0x20001142   Section        0  f2d.o(.text)
    .text                                    0x20001168   Section        0  d2f.o(.text)
    .text                                    0x200011a0   Section        0  llshl.o(.text)
    .text                                    0x200011be   Section        0  llsshr.o(.text)
    .text                                    0x200011e2   Section        0  iusefp.o(.text)
    .text                                    0x200011e2   Section        0  fepilogue.o(.text)
    .text                                    0x20001250   Section        0  depilogue.o(.text)
    .text                                    0x2000130c   Section       36  init.o(.text)
    .text                                    0x20001330   Section        0  llushr.o(.text)
    i.__scatterload_copy                     0x20001350   Section       14  handlers.o(i.__scatterload_copy)
    i.__scatterload_null                     0x2000135e   Section        2  handlers.o(i.__scatterload_null)
    i.__scatterload_zeroinit                 0x20001360   Section       14  handlers.o(i.__scatterload_zeroinit)
    .constdata                               0x2000136e   Section       24  system_stm32f4xx.o(.constdata)
    .data                                    0x20010000   Section       24  main.o(.data)
    .data                                    0x20010018   Section        4  system_stm32f4xx.o(.data)
    STACK                                    0x20010020   Section    25600  startup_stm32f439xx.o(STACK)

    Global Symbols

    Symbol Name                              Value     Ov Type        Size  Object(Section)

    BuildAttributes$$THM_ISAv4$E$P$D$K$B$S$7EM$VFPi3$EXTD16$VFPS$VFMA$PE$A:L22UL41UL21$X:L11$S22US41US21$IEEE1$IW$USESV6$~STKCKD$USESV7$~SHL$OTIME$ROPI$EBA8$MICROLIB$REQ8$PRES8$EABIv2 0x00000000   Number         0  anon$$obj.o ABSOLUTE
    __ARM_use_no_argv                        0x00000000   Number         0  main.o ABSOLUTE
    __arm_fini_                               - Undefined Weak Reference
    __cpp_initialize__aeabi_                  - Undefined Weak Reference
    __cxa_finalize                            - Undefined Weak Reference
    __decompress                              - Undefined Weak Reference
    _clock_init                               - Undefined Weak Reference
    _microlib_exit                            - Undefined Weak Reference
    __Vectors_Size                           0x000001ac   Number         0  startup_stm32f439xx.o ABSOLUTE
    __Vectors                                0x20000000   Data           4  startup_stm32f439xx.o(RESET)
    __Vectors_End                            0x200001ac   Data           0  startup_stm32f439xx.o(RESET)
    __main                                   0x200001ad   Thumb Code     0  entry.o(.ARM.Collect$$$$00000000)
    _main_stk                                0x200001ad   Thumb Code     0  entry2.o(.ARM.Collect$$$$00000001)
    _main_scatterload                        0x200001b1   Thumb Code     0  entry5.o(.ARM.Collect$$$$00000004)
    __main_after_scatterload                 0x200001b5   Thumb Code     0  entry5.o(.ARM.Collect$$$$00000004)
    _main_clock                              0x200001b5   Thumb Code     0  entry7b.o(.ARM.Collect$$$$00000008)
    _main_cpp_init                           0x200001b5   Thumb Code     0  entry8b.o(.ARM.Collect$$$$0000000A)
    _main_init                               0x200001b5   Thumb Code     0  entry9a.o(.ARM.Collect$$$$0000000B)
    __rt_lib_shutdown_fini                   0x200001bd   Thumb Code     0  entry12b.o(.ARM.Collect$$$$0000000E)
    __rt_final_cpp                           0x200001c1   Thumb Code     0  entry10a.o(.ARM.Collect$$$$0000000F)
    __rt_final_exit                          0x200001c1   Thumb Code     0  entry11a.o(.ARM.Collect$$$$00000011)
    NMI_Handler                              0x200001c5   Thumb Code     2  stm32f4xx_it.o(.text)
    HardFault_Handler                        0x200001c7   Thumb Code     4  stm32f4xx_it.o(.text)
    MemManage_Handler                        0x200001cb   Thumb Code     4  stm32f4xx_it.o(.text)
    BusFault_Handler                         0x200001cf   Thumb Code     4  stm32f4xx_it.o(.text)
    UsageFault_Handler                       0x200001d3   Thumb Code     4  stm32f4xx_it.o(.text)
    DebugMon_Handler                         0x200001d7   Thumb Code     2  stm32f4xx_it.o(.text)
    boardSupport_init                        0x2000021d   Thumb Code     8  boardsupport.o(.text)
    delay_software_ms                        0x20000225   Thumb Code    22  boardsupport.o(.text)
    delay_software_us                        0x2000023b   Thumb Code    22  boardsupport.o(.text)
    timer_1sec                               0x20000255   Thumb Code    46  main.o(.text)
    txUsart                                  0x20000283   Thumb Code   106  main.o(.text)
    timer_1sec_Light                         0x200002ed   Thumb Code    58  main.o(.text)
    buttonCheck_Light                        0x20000327   Thumb Code    96  main.o(.text)
    timer_1sec_Fan                           0x20000387   Thumb Code    46  main.o(.text)
    buttonCheck_Fan                          0x200003b5   Thumb Code    94  main.o(.text)
    timer_30sec                              0x20000413   Thumb Code    58  main.o(.text)
    readADC                                  0x2000044d   Thumb Code    42  main.o(.text)
    tim10Setup                               0x20000477   Thumb Code   100  main.o(.text)
    tim9Setup                                0x200004db   Thumb Code    80  main.o(.text)
    tim7Setup                                0x2000052b   Thumb Code   100  main.o(.text)
    tim6Setup                                0x2000058f   Thumb Code    94  main.o(.text)
    configADC                                0x200005ed   Thumb Code   180  main.o(.text)
    configUART                               0x200006a1   Thumb Code    82  main.o(.text)
    configGPIO                               0x200006f3   Thumb Code   230  main.o(.text)
    main                                     0x200007d9   Thumb Code   632  main.o(.text)
    fanToggle                                0x20000a51   Thumb Code    14  main.o(.text)
    gpio_configureGPIO                       0x20000a99   Thumb Code   142  gpiocontrol.o(.text)
    gpio_setGPIO                             0x20000b27   Thumb Code    12  gpiocontrol.o(.text)
    gpio_resetGPIO                           0x20000b33   Thumb Code    18  gpiocontrol.o(.text)
    gpio_getPinValue                         0x20000b45   Thumb Code    14  gpiocontrol.o(.text)
    Reset_Handler                            0x20000b55   Thumb Code     8  startup_stm32f439xx.o(.text)
    SVC_Handler                              0x20000b67   Thumb Code     2  startup_stm32f439xx.o(.text)
    PendSV_Handler                           0x20000b6b   Thumb Code     2  startup_stm32f439xx.o(.text)
    SysTick_Handler                          0x20000b6d   Thumb Code     2  startup_stm32f439xx.o(.text)
    ADC_IRQHandler                           0x20000b6f   Thumb Code     0  startup_stm32f439xx.o(.text)
    CAN1_RX0_IRQHandler                      0x20000b6f   Thumb Code     0  startup_stm32f439xx.o(.text)
    CAN1_RX1_IRQHandler                      0x20000b6f   Thumb Code     0  startup_stm32f439xx.o(.text)
    CAN1_SCE_IRQHandler                      0x20000b6f   Thumb Code     0  startup_stm32f439xx.o(.text)
    CAN1_TX_IRQHandler                       0x20000b6f   Thumb Code     0  startup_stm32f439xx.o(.text)
    CAN2_RX0_IRQHandler                      0x20000b6f   Thumb Code     0  startup_stm32f439xx.o(.text)
    CAN2_RX1_IRQHandler                      0x20000b6f   Thumb Code     0  startup_stm32f439xx.o(.text)
    CAN2_SCE_IRQHandler                      0x20000b6f   Thumb Code     0  startup_stm32f439xx.o(.text)
    CAN2_TX_IRQHandler                       0x20000b6f   Thumb Code     0  startup_stm32f439xx.o(.text)
    CRYP_IRQHandler                          0x20000b6f   Thumb Code     0  startup_stm32f439xx.o(.text)
    DCMI_IRQHandler                          0x20000b6f   Thumb Code     0  startup_stm32f439xx.o(.text)
    DMA1_Stream0_IRQHandler                  0x20000b6f   Thumb Code     0  startup_stm32f439xx.o(.text)
    DMA1_Stream1_IRQHandler                  0x20000b6f   Thumb Code     0  startup_stm32f439xx.o(.text)
    DMA1_Stream2_IRQHandler                  0x20000b6f   Thumb Code     0  startup_stm32f439xx.o(.text)
    DMA1_Stream3_IRQHandler                  0x20000b6f   Thumb Code     0  startup_stm32f439xx.o(.text)
    DMA1_Stream4_IRQHandler                  0x20000b6f   Thumb Code     0  startup_stm32f439xx.o(.text)
    DMA1_Stream5_IRQHandler                  0x20000b6f   Thumb Code     0  startup_stm32f439xx.o(.text)
    DMA1_Stream6_IRQHandler                  0x20000b6f   Thumb Code     0  startup_stm32f439xx.o(.text)
    DMA1_Stream7_IRQHandler                  0x20000b6f   Thumb Code     0  startup_stm32f439xx.o(.text)
    DMA2D_IRQHandler                         0x20000b6f   Thumb Code     0  startup_stm32f439xx.o(.text)
    DMA2_Stream0_IRQHandler                  0x20000b6f   Thumb Code     0  startup_stm32f439xx.o(.text)
    DMA2_Stream1_IRQHandler                  0x20000b6f   Thumb Code     0  startup_stm32f439xx.o(.text)
    DMA2_Stream2_IRQHandler                  0x20000b6f   Thumb Code     0  startup_stm32f439xx.o(.text)
    DMA2_Stream3_IRQHandler                  0x20000b6f   Thumb Code     0  startup_stm32f439xx.o(.text)
    DMA2_Stream4_IRQHandler                  0x20000b6f   Thumb Code     0  startup_stm32f439xx.o(.text)
    DMA2_Stream5_IRQHandler                  0x20000b6f   Thumb Code     0  startup_stm32f439xx.o(.text)
    DMA2_Stream6_IRQHandler                  0x20000b6f   Thumb Code     0  startup_stm32f439xx.o(.text)
    DMA2_Stream7_IRQHandler                  0x20000b6f   Thumb Code     0  startup_stm32f439xx.o(.text)
    ETH_IRQHandler                           0x20000b6f   Thumb Code     0  startup_stm32f439xx.o(.text)
    ETH_WKUP_IRQHandler                      0x20000b6f   Thumb Code     0  startup_stm32f439xx.o(.text)
    EXTI0_IRQHandler                         0x20000b6f   Thumb Code     0  startup_stm32f439xx.o(.text)
    EXTI15_10_IRQHandler                     0x20000b6f   Thumb Code     0  startup_stm32f439xx.o(.text)
    EXTI1_IRQHandler                         0x20000b6f   Thumb Code     0  startup_stm32f439xx.o(.text)
    EXTI2_IRQHandler                         0x20000b6f   Thumb Code     0  startup_stm32f439xx.o(.text)
    EXTI3_IRQHandler                         0x20000b6f   Thumb Code     0  startup_stm32f439xx.o(.text)
    EXTI4_IRQHandler                         0x20000b6f   Thumb Code     0  startup_stm32f439xx.o(.text)
    EXTI9_5_IRQHandler                       0x20000b6f   Thumb Code     0  startup_stm32f439xx.o(.text)
    FLASH_IRQHandler                         0x20000b6f   Thumb Code     0  startup_stm32f439xx.o(.text)
    FMC_IRQHandler                           0x20000b6f   Thumb Code     0  startup_stm32f439xx.o(.text)
    FPU_IRQHandler                           0x20000b6f   Thumb Code     0  startup_stm32f439xx.o(.text)
    HASH_RNG_IRQHandler                      0x20000b6f   Thumb Code     0  startup_stm32f439xx.o(.text)
    I2C1_ER_IRQHandler                       0x20000b6f   Thumb Code     0  startup_stm32f439xx.o(.text)
    I2C1_EV_IRQHandler                       0x20000b6f   Thumb Code     0  startup_stm32f439xx.o(.text)
    I2C2_ER_IRQHandler                       0x20000b6f   Thumb Code     0  startup_stm32f439xx.o(.text)
    I2C2_EV_IRQHandler                       0x20000b6f   Thumb Code     0  startup_stm32f439xx.o(.text)
    I2C3_ER_IRQHandler                       0x20000b6f   Thumb Code     0  startup_stm32f439xx.o(.text)
    I2C3_EV_IRQHandler                       0x20000b6f   Thumb Code     0  startup_stm32f439xx.o(.text)
    LTDC_ER_IRQHandler                       0x20000b6f   Thumb Code     0  startup_stm32f439xx.o(.text)
    LTDC_IRQHandler                          0x20000b6f   Thumb Code     0  startup_stm32f439xx.o(.text)
    OTG_FS_IRQHandler                        0x20000b6f   Thumb Code     0  startup_stm32f439xx.o(.text)
    OTG_FS_WKUP_IRQHandler                   0x20000b6f   Thumb Code     0  startup_stm32f439xx.o(.text)
    OTG_HS_EP1_IN_IRQHandler                 0x20000b6f   Thumb Code     0  startup_stm32f439xx.o(.text)
    OTG_HS_EP1_OUT_IRQHandler                0x20000b6f   Thumb Code     0  startup_stm32f439xx.o(.text)
    OTG_HS_IRQHandler                        0x20000b6f   Thumb Code     0  startup_stm32f439xx.o(.text)
    OTG_HS_WKUP_IRQHandler                   0x20000b6f   Thumb Code     0  startup_stm32f439xx.o(.text)
    PVD_IRQHandler                           0x20000b6f   Thumb Code     0  startup_stm32f439xx.o(.text)
    RCC_IRQHandler                           0x20000b6f   Thumb Code     0  startup_stm32f439xx.o(.text)
    RTC_Alarm_IRQHandler                     0x20000b6f   Thumb Code     0  startup_stm32f439xx.o(.text)
    RTC_WKUP_IRQHandler                      0x20000b6f   Thumb Code     0  startup_stm32f439xx.o(.text)
    SAI1_IRQHandler                          0x20000b6f   Thumb Code     0  startup_stm32f439xx.o(.text)
    SDIO_IRQHandler                          0x20000b6f   Thumb Code     0  startup_stm32f439xx.o(.text)
    SPI1_IRQHandler                          0x20000b6f   Thumb Code     0  startup_stm32f439xx.o(.text)
    SPI2_IRQHandler                          0x20000b6f   Thumb Code     0  startup_stm32f439xx.o(.text)
    SPI3_IRQHandler                          0x20000b6f   Thumb Code     0  startup_stm32f439xx.o(.text)
    SPI4_IRQHandler                          0x20000b6f   Thumb Code     0  startup_stm32f439xx.o(.text)
    SPI5_IRQHandler                          0x20000b6f   Thumb Code     0  startup_stm32f439xx.o(.text)
    SPI6_IRQHandler                          0x20000b6f   Thumb Code     0  startup_stm32f439xx.o(.text)
    TAMP_STAMP_IRQHandler                    0x20000b6f   Thumb Code     0  startup_stm32f439xx.o(.text)
    TIM1_BRK_TIM9_IRQHandler                 0x20000b6f   Thumb Code     0  startup_stm32f439xx.o(.text)
    TIM1_CC_IRQHandler                       0x20000b6f   Thumb Code     0  startup_stm32f439xx.o(.text)
    TIM1_TRG_COM_TIM11_IRQHandler            0x20000b6f   Thumb Code     0  startup_stm32f439xx.o(.text)
    TIM1_UP_TIM10_IRQHandler                 0x20000b6f   Thumb Code     0  startup_stm32f439xx.o(.text)
    TIM2_IRQHandler                          0x20000b6f   Thumb Code     0  startup_stm32f439xx.o(.text)
    TIM3_IRQHandler                          0x20000b6f   Thumb Code     0  startup_stm32f439xx.o(.text)
    TIM4_IRQHandler                          0x20000b6f   Thumb Code     0  startup_stm32f439xx.o(.text)
    TIM5_IRQHandler                          0x20000b6f   Thumb Code     0  startup_stm32f439xx.o(.text)
    TIM6_DAC_IRQHandler                      0x20000b6f   Thumb Code     0  startup_stm32f439xx.o(.text)
    TIM7_IRQHandler                          0x20000b6f   Thumb Code     0  startup_stm32f439xx.o(.text)
    TIM8_BRK_TIM12_IRQHandler                0x20000b6f   Thumb Code     0  startup_stm32f439xx.o(.text)
    TIM8_CC_IRQHandler                       0x20000b6f   Thumb Code     0  startup_stm32f439xx.o(.text)
    TIM8_TRG_COM_TIM14_IRQHandler            0x20000b6f   Thumb Code     0  startup_stm32f439xx.o(.text)
    TIM8_UP_TIM13_IRQHandler                 0x20000b6f   Thumb Code     0  startup_stm32f439xx.o(.text)
    UART4_IRQHandler                         0x20000b6f   Thumb Code     0  startup_stm32f439xx.o(.text)
    UART5_IRQHandler                         0x20000b6f   Thumb Code     0  startup_stm32f439xx.o(.text)
    UART7_IRQHandler                         0x20000b6f   Thumb Code     0  startup_stm32f439xx.o(.text)
    UART8_IRQHandler                         0x20000b6f   Thumb Code     0  startup_stm32f439xx.o(.text)
    USART1_IRQHandler                        0x20000b6f   Thumb Code     0  startup_stm32f439xx.o(.text)
    USART2_IRQHandler                        0x20000b6f   Thumb Code     0  startup_stm32f439xx.o(.text)
    USART3_IRQHandler                        0x20000b6f   Thumb Code     0  startup_stm32f439xx.o(.text)
    USART6_IRQHandler                        0x20000b6f   Thumb Code     0  startup_stm32f439xx.o(.text)
    WWDG_IRQHandler                          0x20000b6f   Thumb Code     0  startup_stm32f439xx.o(.text)
    SystemInit_ExtMemCtl                     0x20000b79   Thumb Code   500  system_stm32f4xx.o(.text)
    SystemCoreClockUpdate                    0x20000d6d   Thumb Code   174  system_stm32f4xx.o(.text)
    SystemInit                               0x20000f0f   Thumb Code   230  system_stm32f4xx.o(.text)
    __aeabi_dadd                             0x20000ff5   Thumb Code   322  dadd.o(.text)
    __aeabi_dsub                             0x20001137   Thumb Code     6  dadd.o(.text)
    __aeabi_drsub                            0x2000113d   Thumb Code     6  dadd.o(.text)
    __aeabi_f2d                              0x20001143   Thumb Code    38  f2d.o(.text)
    __aeabi_d2f                              0x20001169   Thumb Code    56  d2f.o(.text)
    __aeabi_llsl                             0x200011a1   Thumb Code    30  llshl.o(.text)
    _ll_shift_l                              0x200011a1   Thumb Code     0  llshl.o(.text)
    __aeabi_lasr                             0x200011bf   Thumb Code    36  llsshr.o(.text)
    _ll_sshift_r                             0x200011bf   Thumb Code     0  llsshr.o(.text)
    __I$use$fp                               0x200011e3   Thumb Code     0  iusefp.o(.text)
    _float_round                             0x200011e3   Thumb Code    18  fepilogue.o(.text)
    _float_epilogue                          0x200011f5   Thumb Code    92  fepilogue.o(.text)
    _double_round                            0x20001251   Thumb Code    30  depilogue.o(.text)
    _double_epilogue                         0x2000126f   Thumb Code   156  depilogue.o(.text)
    __scatterload                            0x2000130d   Thumb Code    28  init.o(.text)
    __scatterload_rt2                        0x2000130d   Thumb Code     0  init.o(.text)
    __aeabi_llsr                             0x20001331   Thumb Code    32  llushr.o(.text)
    _ll_ushift_r                             0x20001331   Thumb Code     0  llushr.o(.text)
    __scatterload_copy                       0x20001351   Thumb Code    14  handlers.o(i.__scatterload_copy)
    __scatterload_null                       0x2000135f   Thumb Code     2  handlers.o(i.__scatterload_null)
    __scatterload_zeroinit                   0x20001361   Thumb Code    14  handlers.o(i.__scatterload_zeroinit)
    AHBPrescTable                            0x2000136e   Data          16  system_stm32f4xx.o(.constdata)
    APBPrescTable                            0x2000137e   Data           8  system_stm32f4xx.o(.constdata)
    Region$$Table$$Base                      0x20001388   Number         0  anon$$obj.o(Region$$Table)
    Region$$Table$$Limit                     0x200013a8   Number         0  anon$$obj.o(Region$$Table)
    lastPassFan                              0x20010000   Data           4  main.o(.data)
    currentPassFan                           0x20010004   Data           4  main.o(.data)
    checkPassFan                             0x20010008   Data           4  main.o(.data)
    currentPassLight                         0x2001000c   Data           4  main.o(.data)
    lastPassLight                            0x20010010   Data           4  main.o(.data)
    checkPassLight                           0x20010014   Data           4  main.o(.data)
    SystemCoreClock                          0x20010018   Data           4  system_stm32f4xx.o(.data)
    __initial_sp                             0x20016420   Data           0  startup_stm32f439xx.o(STACK)



==============================================================================

Memory Map of the image

  Image Entry point : 0x200001ad

  Load Region LR_IROM1 (Base: 0x20000000, Size: 0x000013c4, Max: 0x00010000, ABSOLUTE)

    Execution Region ER_IROM1 (Exec base: 0x20000000, Load base: 0x20000000, Size: 0x000013a8, Max: 0x00010000, ABSOLUTE)

    Exec Addr    Load Addr    Size         Type   Attr      Idx    E Section Name        Object

    0x20000000   0x20000000   0x000001ac   Data   RO          134    RESET               startup_stm32f439xx.o
    0x200001ac   0x200001ac   0x00000000   Code   RO          173  * .ARM.Collect$$$$00000000  mc_w.l(entry.o)
    0x200001ac   0x200001ac   0x00000004   Code   RO          182    .ARM.Collect$$$$00000001  mc_w.l(entry2.o)
    0x200001b0   0x200001b0   0x00000004   Code   RO          185    .ARM.Collect$$$$00000004  mc_w.l(entry5.o)
    0x200001b4   0x200001b4   0x00000000   Code   RO          187    .ARM.Collect$$$$00000008  mc_w.l(entry7b.o)
    0x200001b4   0x200001b4   0x00000000   Code   RO          189    .ARM.Collect$$$$0000000A  mc_w.l(entry8b.o)
    0x200001b4   0x200001b4   0x00000008   Code   RO          190    .ARM.Collect$$$$0000000B  mc_w.l(entry9a.o)
    0x200001bc   0x200001bc   0x00000004   Code   RO          197    .ARM.Collect$$$$0000000E  mc_w.l(entry12b.o)
    0x200001c0   0x200001c0   0x00000000   Code   RO          192    .ARM.Collect$$$$0000000F  mc_w.l(entry10a.o)
    0x200001c0   0x200001c0   0x00000000   Code   RO          194    .ARM.Collect$$$$00000011  mc_w.l(entry11a.o)
    0x200001c0   0x200001c0   0x00000004   Code   RO          183    .ARM.Collect$$$$00002712  mc_w.l(entry2.o)
    0x200001c4   0x200001c4   0x00000014   Code   RO            1    .text               stm32f4xx_it.o
    0x200001d8   0x200001d8   0x0000007c   Code   RO           21    .text               boardsupport.o
    0x20000254   0x20000254   0x00000844   Code   RO           84    .text               main.o
    0x20000a98   0x20000a98   0x000000ba   Code   RO          111    .text               gpiocontrol.o
    0x20000b52   0x20000b52   0x00000002   PAD
    0x20000b54   0x20000b54   0x00000024   Code   RO          135    .text               startup_stm32f439xx.o
    0x20000b78   0x20000b78   0x0000047c   Code   RO          142    .text               system_stm32f4xx.o
    0x20000ff4   0x20000ff4   0x0000014e   Code   RO          176    .text               mf_w.l(dadd.o)
    0x20001142   0x20001142   0x00000026   Code   RO          178    .text               mf_w.l(f2d.o)
    0x20001168   0x20001168   0x00000038   Code   RO          180    .text               mf_w.l(d2f.o)
    0x200011a0   0x200011a0   0x0000001e   Code   RO          198    .text               mc_w.l(llshl.o)
    0x200011be   0x200011be   0x00000024   Code   RO          200    .text               mc_w.l(llsshr.o)
    0x200011e2   0x200011e2   0x00000000   Code   RO          202    .text               mc_w.l(iusefp.o)
    0x200011e2   0x200011e2   0x0000006e   Code   RO          203    .text               mf_w.l(fepilogue.o)
    0x20001250   0x20001250   0x000000ba   Code   RO          205    .text               mf_w.l(depilogue.o)
    0x2000130a   0x2000130a   0x00000002   PAD
    0x2000130c   0x2000130c   0x00000024   Code   RO          207    .text               mc_w.l(init.o)
    0x20001330   0x20001330   0x00000020   Code   RO          209    .text               mc_w.l(llushr.o)
    0x20001350   0x20001350   0x0000000e   Code   RO          213    i.__scatterload_copy  mc_w.l(handlers.o)
    0x2000135e   0x2000135e   0x00000002   Code   RO          214    i.__scatterload_null  mc_w.l(handlers.o)
    0x20001360   0x20001360   0x0000000e   Code   RO          215    i.__scatterload_zeroinit  mc_w.l(handlers.o)
    0x2000136e   0x2000136e   0x00000018   Data   RO          143    .constdata          system_stm32f4xx.o
    0x20001386   0x20001386   0x00000002   PAD
    0x20001388   0x20001388   0x00000020   Data   RO          211    Region$$Table       anon$$obj.o


    Execution Region RW_IRAM1 (Exec base: 0x20010000, Load base: 0x200013a8, Size: 0x00006420, Max: 0x00010000, ABSOLUTE)

    Exec Addr    Load Addr    Size         Type   Attr      Idx    E Section Name        Object

    0x20010000   0x200013a8   0x00000018   Data   RW           85    .data               main.o
    0x20010018   0x200013c0   0x00000004   Data   RW          144    .data               system_stm32f4xx.o
    0x2001001c   0x200013c4   0x00000004   PAD
    0x20010020        -       0x00006400   Zero   RW          132    STACK               startup_stm32f439xx.o


==============================================================================

Image component sizes


      Code (inc. data)   RO Data    RW Data    ZI Data      Debug   Object Name

       124          4          0          0          0     617396   boardsupport.o
       186          0          0          0          0       1550   gpiocontrol.o
      2116        118          0         24          0       4731   main.o
        36          8        428          0      25600        924   startup_stm32f439xx.o
        20          0          0          0          0       2463   stm32f4xx_it.o
      1148        130         24          4          0       2646   system_stm32f4xx.o

    ----------------------------------------------------------------------
      3632        260        486         28      25604     629710   Object Totals
         0          0         32          0          0          0   (incl. Generated)
         2          0          2          0          4          0   (incl. Padding)

    ----------------------------------------------------------------------

      Code (inc. data)   RO Data    RW Data    ZI Data      Debug   Library Member Name

         0          0          0          0          0          0   entry.o
         0          0          0          0          0          0   entry10a.o
         0          0          0          0          0          0   entry11a.o
         4          0          0          0          0          0   entry12b.o
         8          4          0          0          0          0   entry2.o
         4          0          0          0          0          0   entry5.o
         0          0          0          0          0          0   entry7b.o
         0          0          0          0          0          0   entry8b.o
         8          4          0          0          0          0   entry9a.o
        30          0          0          0          0          0   handlers.o
        36          8          0          0          0         68   init.o
         0          0          0          0          0          0   iusefp.o
        30          0          0          0          0         68   llshl.o
        36          0          0          0          0         68   llsshr.o
        32          0          0          0          0         68   llushr.o
        56          0          0          0          0         88   d2f.o
       334          0          0          0          0        148   dadd.o
       186          0          0          0          0        176   depilogue.o
        38          0          0          0          0         68   f2d.o
       110          0          0          0          0        168   fepilogue.o

    ----------------------------------------------------------------------
       914         16          0          0          0        920   Library Totals
         2          0          0          0          0          0   (incl. Padding)

    ----------------------------------------------------------------------

      Code (inc. data)   RO Data    RW Data    ZI Data      Debug   Library Name

       188         16          0          0          0        272   mc_w.l
       724          0          0          0          0        648   mf_w.l

    ----------------------------------------------------------------------
       914         16          0          0          0        920   Library Totals

    ----------------------------------------------------------------------

==============================================================================


      Code (inc. data)   RO Data    RW Data    ZI Data      Debug   

      4546        276        486         28      25604     630022   Grand Totals
      4546        276        486         28      25604     630022   ELF Image Totals
      4546        276        486         28          0          0   ROM Totals

==============================================================================

    Total RO  Size (Code + RO Data)                 5032 (   4.91kB)
    Total RW  Size (RW Data + ZI Data)             25632 (  25.03kB)
    Total ROM Size (Code + RO Data + RW Data)       5060 (   4.94kB)

==============================================================================

